2026-09-13 14:14:59.891 +03:00 [WRN] LuckyPennySoftware.AutoMapper.License: You do not have a valid license key for the Lucky Penny software AutoMapper. This is allowed for development and testing scenarios. If you are running in production you are required to have a licensed version. Please visit https://luckypennysoftware.com to obtain a valid license.
2026-09-13 14:15:43.639 +03:00 [INF] Serilog.AspNetCore.RequestLoggingMiddleware: HTTP GET /swagger/index.html responded 304 in 352.6063 ms
2026-09-13 14:15:46.043 +03:00 [INF] Serilog.AspNetCore.RequestLoggingMiddleware: HTTP GET /swagger/index.js responded 200 in 113.6485 ms
2026-09-13 14:15:46.985 +03:00 [INF] Serilog.AspNetCore.RequestLoggingMiddleware: HTTP GET /swagger/index.css responded 200 in 1056.0432 ms
2026-09-13 14:15:47.025 +03:00 [INF] Serilog.AspNetCore.RequestLoggingMiddleware: HTTP GET /swagger/swagger-ui.css responded 200 in 1095.6570 ms
2026-09-13 14:15:47.025 +03:00 [INF] Serilog.AspNetCore.RequestLoggingMiddleware: HTTP GET /swagger/swagger-ui-standalone-preset.js responded 200 in 1095.7660 ms
2026-09-13 14:15:47.025 +03:00 [INF] Serilog.AspNetCore.RequestLoggingMiddleware: HTTP GET /swagger/swagger-ui-bundle.js responded 200 in 1095.7948 ms
2026-09-13 14:15:48.501 +03:00 [INF] Serilog.AspNetCore.RequestLoggingMiddleware: HTTP GET /swagger/v1/swagger.json responded 200 in 481.6026 ms
2026-09-13 14:16:15.010 +03:00 [ERR] Microsoft.EntityFrameworkCore.Database.Command: Failed executing DbCommand (70ms) [Parameters=[], CommandType='"Text"', CommandTimeout='30']
SELECT u."Id", u."AccessFailedCount", u."ConcurrencyStamp", u."Email", u."EmailConfirmed", u."LockoutEnabled", u."LockoutEnd", u."NormalizedEmail", u."NormalizedUserName", u."PasswordHash", u."PhoneNumber", u."PhoneNumberConfirmed", u."ProfilePhotoURL", u."SecurityStamp", u."TwoFactorEnabled", u."UserName", s."Id", s."Name", s."RolesId", s."UsersId"
FROM "Users" AS u
LEFT JOIN (
    SELECT r0."Id", r0."Name", r."RolesId", r."UsersId"
    FROM "RoleModelUserModel" AS r
    INNER JOIN "Roles" AS r0 ON r."RolesId" = r0."Id"
) AS s ON u."Id" = s."UsersId"
ORDER BY u."Id", s."RolesId", s."UsersId"
2026-09-13 14:16:15.229 +03:00 [ERR] Microsoft.EntityFrameworkCore.Query: An exception occurred while iterating over the results of a query for context type 'BookStore.Infrastructure.BookStoreDbContext'.
Npgsql.PostgresException (0x80004005): 42P01: relation "Users" does not exist

POSITION: 359
   at Npgsql.Internal.NpgsqlConnector.ReadMessageLong(Boolean async, DataRowLoadingMode dataRowLoadingMode, Boolean readingNotifications, Boolean isReadingPrependedMessage)
   at System.Runtime.CompilerServices.PoolingAsyncValueTaskMethodBuilder`1.StateMachineBox`1.System.Threading.Tasks.Sources.IValueTaskSource<TResult>.GetResult(Int16 token)
   at Npgsql.NpgsqlDataReader.NextResult(Boolean async, Boolean isConsuming, CancellationToken cancellationToken)
   at Npgsql.NpgsqlDataReader.NextResult(Boolean async, Boolean isConsuming, CancellationToken cancellationToken)
   at Npgsql.NpgsqlCommand.ExecuteReader(Boolean async, CommandBehavior behavior, CancellationToken cancellationToken)
   at Npgsql.NpgsqlCommand.ExecuteReader(Boolean async, CommandBehavior behavior, CancellationToken cancellationToken)
   at Npgsql.NpgsqlCommand.ExecuteDbDataReaderAsync(CommandBehavior behavior, CancellationToken cancellationToken)
   at Microsoft.EntityFrameworkCore.Storage.RelationalCommand.ExecuteReaderAsync(RelationalCommandParameterObject parameterObject, CancellationToken cancellationToken)
   at Microsoft.EntityFrameworkCore.Storage.RelationalCommand.ExecuteReaderAsync(RelationalCommandParameterObject parameterObject, CancellationToken cancellationToken)
   at Microsoft.EntityFrameworkCore.Query.Internal.SingleQueryingEnumerable`1.AsyncEnumerator.InitializeReaderAsync(AsyncEnumerator enumerator, CancellationToken cancellationToken)
   at Npgsql.EntityFrameworkCore.PostgreSQL.Storage.Internal.NpgsqlExecutionStrategy.ExecuteAsync[TState,TResult](TState state, Func`4 operation, Func`4 verifySucceeded, CancellationToken cancellationToken)
   at Microsoft.EntityFrameworkCore.Query.Internal.SingleQueryingEnumerable`1.AsyncEnumerator.MoveNextAsync()
  Exception data:
    Severity: ERROR
    SqlState: 42P01
    MessageText: relation "Users" does not exist
    Position: 359
    File: parse_relation.c
    Line: 1449
    Routine: parserOpenTable
Npgsql.PostgresException (0x80004005): 42P01: relation "Users" does not exist

POSITION: 359
   at Npgsql.Internal.NpgsqlConnector.ReadMessageLong(Boolean async, DataRowLoadingMode dataRowLoadingMode, Boolean readingNotifications, Boolean isReadingPrependedMessage)
   at System.Runtime.CompilerServices.PoolingAsyncValueTaskMethodBuilder`1.StateMachineBox`1.System.Threading.Tasks.Sources.IValueTaskSource<TResult>.GetResult(Int16 token)
   at Npgsql.NpgsqlDataReader.NextResult(Boolean async, Boolean isConsuming, CancellationToken cancellationToken)
   at Npgsql.NpgsqlDataReader.NextResult(Boolean async, Boolean isConsuming, CancellationToken cancellationToken)
   at Npgsql.NpgsqlCommand.ExecuteReader(Boolean async, CommandBehavior behavior, CancellationToken cancellationToken)
   at Npgsql.NpgsqlCommand.ExecuteReader(Boolean async, CommandBehavior behavior, CancellationToken cancellationToken)
   at Npgsql.NpgsqlCommand.ExecuteDbDataReaderAsync(CommandBehavior behavior, CancellationToken cancellationToken)
   at Microsoft.EntityFrameworkCore.Storage.RelationalCommand.ExecuteReaderAsync(RelationalCommandParameterObject parameterObject, CancellationToken cancellationToken)
   at Microsoft.EntityFrameworkCore.Storage.RelationalCommand.ExecuteReaderAsync(RelationalCommandParameterObject parameterObject, CancellationToken cancellationToken)
   at Microsoft.EntityFrameworkCore.Query.Internal.SingleQueryingEnumerable`1.AsyncEnumerator.InitializeReaderAsync(AsyncEnumerator enumerator, CancellationToken cancellationToken)
   at Npgsql.EntityFrameworkCore.PostgreSQL.Storage.Internal.NpgsqlExecutionStrategy.ExecuteAsync[TState,TResult](TState state, Func`4 operation, Func`4 verifySucceeded, CancellationToken cancellationToken)
   at Microsoft.EntityFrameworkCore.Query.Internal.SingleQueryingEnumerable`1.AsyncEnumerator.MoveNextAsync()
  Exception data:
    Severity: ERROR
    SqlState: 42P01
    MessageText: relation "Users" does not exist
    Position: 359
    File: parse_relation.c
    Line: 1449
    Routine: parserOpenTable
2026-09-13 14:16:15.252 +03:00 [ERR] Serilog.AspNetCore.RequestLoggingMiddleware: HTTP GET /Users/all responded 500 in 6705.7700 ms
Npgsql.PostgresException (0x80004005): 42P01: relation "Users" does not exist

POSITION: 359
   at Npgsql.Internal.NpgsqlConnector.ReadMessageLong(Boolean async, DataRowLoadingMode dataRowLoadingMode, Boolean readingNotifications, Boolean isReadingPrependedMessage)
   at System.Runtime.CompilerServices.PoolingAsyncValueTaskMethodBuilder`1.StateMachineBox`1.System.Threading.Tasks.Sources.IValueTaskSource<TResult>.GetResult(Int16 token)
   at Npgsql.NpgsqlDataReader.NextResult(Boolean async, Boolean isConsuming, CancellationToken cancellationToken)
   at Npgsql.NpgsqlDataReader.NextResult(Boolean async, Boolean isConsuming, CancellationToken cancellationToken)
   at Npgsql.NpgsqlCommand.ExecuteReader(Boolean async, CommandBehavior behavior, CancellationToken cancellationToken)
   at Npgsql.NpgsqlCommand.ExecuteReader(Boolean async, CommandBehavior behavior, CancellationToken cancellationToken)
   at Npgsql.NpgsqlCommand.ExecuteDbDataReaderAsync(CommandBehavior behavior, CancellationToken cancellationToken)
   at Microsoft.EntityFrameworkCore.Storage.RelationalCommand.ExecuteReaderAsync(RelationalCommandParameterObject parameterObject, CancellationToken cancellationToken)
   at Microsoft.EntityFrameworkCore.Storage.RelationalCommand.ExecuteReaderAsync(RelationalCommandParameterObject parameterObject, CancellationToken cancellationToken)
   at Microsoft.EntityFrameworkCore.Query.Internal.SingleQueryingEnumerable`1.AsyncEnumerator.InitializeReaderAsync(AsyncEnumerator enumerator, CancellationToken cancellationToken)
   at Npgsql.EntityFrameworkCore.PostgreSQL.Storage.Internal.NpgsqlExecutionStrategy.ExecuteAsync[TState,TResult](TState state, Func`4 operation, Func`4 verifySucceeded, CancellationToken cancellationToken)
   at Microsoft.EntityFrameworkCore.Query.Internal.SingleQueryingEnumerable`1.AsyncEnumerator.MoveNextAsync()
   at Microsoft.EntityFrameworkCore.EntityFrameworkQueryableExtensions.ToListAsync[TSource](IQueryable`1 source, CancellationToken cancellationToken)
   at Microsoft.EntityFrameworkCore.EntityFrameworkQueryableExtensions.ToListAsync[TSource](IQueryable`1 source, CancellationToken cancellationToken)
   at BookStore.Infrastructure.Repositories.UsersRepository.GetAll() in R:\C#\PetProjects\CRUD\BookStore_v1\BookStore.Infrastructure\Repositories\UsersRepository.cs:line 97
   at BookStore.Application.Services.UsersService.GetAllUsers() in R:\C#\PetProjects\CRUD\BookStore_v1\BookStore.Application\Services\UsersService.cs:line 76
   at BookStore.API.Controllers.UsersController.GetAllUsers() in R:\C#\PetProjects\CRUD\BookStore_v1\BookStore.API\Controllers\UsersController.cs:line 37
   at lambda_method6(Closure, Object)
   at Microsoft.AspNetCore.Mvc.Infrastructure.ActionMethodExecutor.AwaitableObjectResultExecutor.Execute(ActionContext actionContext, IActionResultTypeMapper mapper, ObjectMethodExecutor executor, Object controller, Object[] arguments)
   at Microsoft.AspNetCore.Mvc.Infrastructure.ControllerActionInvoker.<InvokeActionMethodAsync>g__Awaited|12_0(ControllerActionInvoker invoker, ValueTask`1 actionResultValueTask)
   at Microsoft.AspNetCore.Mvc.Infrastructure.ControllerActionInvoker.<InvokeNextActionFilterAsync>g__Awaited|10_0(ControllerActionInvoker invoker, Task lastTask, State next, Scope scope, Object state, Boolean isCompleted)
   at Microsoft.AspNetCore.Mvc.Infrastructure.ControllerActionInvoker.Rethrow(ActionExecutedContextSealed context)
   at Microsoft.AspNetCore.Mvc.Infrastructure.ControllerActionInvoker.Next(State& next, Scope& scope, Object& state, Boolean& isCompleted)
   at Microsoft.AspNetCore.Mvc.Infrastructure.ControllerActionInvoker.<InvokeInnerFilterAsync>g__Awaited|13_0(ControllerActionInvoker invoker, Task lastTask, State next, Scope scope, Object state, Boolean isCompleted)
   at Microsoft.AspNetCore.Mvc.Infrastructure.ResourceInvoker.<InvokeFilterPipelineAsync>g__Awaited|20_0(ResourceInvoker invoker, Task lastTask, State next, Scope scope, Object state, Boolean isCompleted)
   at Microsoft.AspNetCore.Mvc.Infrastructure.ResourceInvoker.<InvokeAsync>g__Awaited|17_0(ResourceInvoker invoker, Task task, IDisposable scope)
   at Microsoft.AspNetCore.Mvc.Infrastructure.ResourceInvoker.<InvokeAsync>g__Awaited|17_0(ResourceInvoker invoker, Task task, IDisposable scope)
   at Microsoft.AspNetCore.Authorization.AuthorizationMiddleware.Invoke(HttpContext context)
   at Microsoft.AspNetCore.Authentication.AuthenticationMiddleware.Invoke(HttpContext context)
   at Swashbuckle.AspNetCore.SwaggerUI.SwaggerUIMiddleware.Invoke(HttpContext httpContext)
   at Swashbuckle.AspNetCore.Swagger.SwaggerMiddleware.Invoke(HttpContext httpContext, ISwaggerProvider swaggerProvider)
   at Serilog.AspNetCore.RequestLoggingMiddleware.Invoke(HttpContext httpContext)
  Exception data:
    Severity: ERROR
    SqlState: 42P01
    MessageText: relation "Users" does not exist
    Position: 359
    File: parse_relation.c
    Line: 1449
    Routine: parserOpenTable
2026-09-13 14:16:15.297 +03:00 [ERR] BookStore.API.Middleware.GlobalExceptionMiddleware: Unhandled exception
Npgsql.PostgresException (0x80004005): 42P01: relation "Users" does not exist

POSITION: 359
   at Npgsql.Internal.NpgsqlConnector.ReadMessageLong(Boolean async, DataRowLoadingMode dataRowLoadingMode, Boolean readingNotifications, Boolean isReadingPrependedMessage)
   at System.Runtime.CompilerServices.PoolingAsyncValueTaskMethodBuilder`1.StateMachineBox`1.System.Threading.Tasks.Sources.IValueTaskSource<TResult>.GetResult(Int16 token)
   at Npgsql.NpgsqlDataReader.NextResult(Boolean async, Boolean isConsuming, CancellationToken cancellationToken)
   at Npgsql.NpgsqlDataReader.NextResult(Boolean async, Boolean isConsuming, CancellationToken cancellationToken)
   at Npgsql.NpgsqlCommand.ExecuteReader(Boolean async, CommandBehavior behavior, CancellationToken cancellationToken)
   at Npgsql.NpgsqlCommand.ExecuteReader(Boolean async, CommandBehavior behavior, CancellationToken cancellationToken)
   at Npgsql.NpgsqlCommand.ExecuteDbDataReaderAsync(CommandBehavior behavior, CancellationToken cancellationToken)
   at Microsoft.EntityFrameworkCore.Storage.RelationalCommand.ExecuteReaderAsync(RelationalCommandParameterObject parameterObject, CancellationToken cancellationToken)
   at Microsoft.EntityFrameworkCore.Storage.RelationalCommand.ExecuteReaderAsync(RelationalCommandParameterObject parameterObject, CancellationToken cancellationToken)
   at Microsoft.EntityFrameworkCore.Query.Internal.SingleQueryingEnumerable`1.AsyncEnumerator.InitializeReaderAsync(AsyncEnumerator enumerator, CancellationToken cancellationToken)
   at Npgsql.EntityFrameworkCore.PostgreSQL.Storage.Internal.NpgsqlExecutionStrategy.ExecuteAsync[TState,TResult](TState state, Func`4 operation, Func`4 verifySucceeded, CancellationToken cancellationToken)
   at Microsoft.EntityFrameworkCore.Query.Internal.SingleQueryingEnumerable`1.AsyncEnumerator.MoveNextAsync()
   at Microsoft.EntityFrameworkCore.EntityFrameworkQueryableExtensions.ToListAsync[TSource](IQueryable`1 source, CancellationToken cancellationToken)
   at Microsoft.EntityFrameworkCore.EntityFrameworkQueryableExtensions.ToListAsync[TSource](IQueryable`1 source, CancellationToken cancellationToken)
   at BookStore.Infrastructure.Repositories.UsersRepository.GetAll() in R:\C#\PetProjects\CRUD\BookStore_v1\BookStore.Infrastructure\Repositories\UsersRepository.cs:line 97
   at BookStore.Application.Services.UsersService.GetAllUsers() in R:\C#\PetProjects\CRUD\BookStore_v1\BookStore.Application\Services\UsersService.cs:line 76
   at BookStore.API.Controllers.UsersController.GetAllUsers() in R:\C#\PetProjects\CRUD\BookStore_v1\BookStore.API\Controllers\UsersController.cs:line 37
   at lambda_method6(Closure, Object)
   at Microsoft.AspNetCore.Mvc.Infrastructure.ActionMethodExecutor.AwaitableObjectResultExecutor.Execute(ActionContext actionContext, IActionResultTypeMapper mapper, ObjectMethodExecutor executor, Object controller, Object[] arguments)
   at Microsoft.AspNetCore.Mvc.Infrastructure.ControllerActionInvoker.<InvokeActionMethodAsync>g__Awaited|12_0(ControllerActionInvoker invoker, ValueTask`1 actionResultValueTask)
   at Microsoft.AspNetCore.Mvc.Infrastructure.ControllerActionInvoker.<InvokeNextActionFilterAsync>g__Awaited|10_0(ControllerActionInvoker invoker, Task lastTask, State next, Scope scope, Object state, Boolean isCompleted)
   at Microsoft.AspNetCore.Mvc.Infrastructure.ControllerActionInvoker.Rethrow(ActionExecutedContextSealed context)
   at Microsoft.AspNetCore.Mvc.Infrastructure.ControllerActionInvoker.Next(State& next, Scope& scope, Object& state, Boolean& isCompleted)
   at Microsoft.AspNetCore.Mvc.Infrastructure.ControllerActionInvoker.<InvokeInnerFilterAsync>g__Awaited|13_0(ControllerActionInvoker invoker, Task lastTask, State next, Scope scope, Object state, Boolean isCompleted)
   at Microsoft.AspNetCore.Mvc.Infrastructure.ResourceInvoker.<InvokeFilterPipelineAsync>g__Awaited|20_0(ResourceInvoker invoker, Task lastTask, State next, Scope scope, Object state, Boolean isCompleted)
   at Microsoft.AspNetCore.Mvc.Infrastructure.ResourceInvoker.<InvokeAsync>g__Awaited|17_0(ResourceInvoker invoker, Task task, IDisposable scope)
   at Microsoft.AspNetCore.Mvc.Infrastructure.ResourceInvoker.<InvokeAsync>g__Awaited|17_0(ResourceInvoker invoker, Task task, IDisposable scope)
   at Microsoft.AspNetCore.Authorization.AuthorizationMiddleware.Invoke(HttpContext context)
   at Microsoft.AspNetCore.Authentication.AuthenticationMiddleware.Invoke(HttpContext context)
   at Swashbuckle.AspNetCore.SwaggerUI.SwaggerUIMiddleware.Invoke(HttpContext httpContext)
   at Swashbuckle.AspNetCore.Swagger.SwaggerMiddleware.Invoke(HttpContext httpContext, ISwaggerProvider swaggerProvider)
   at Serilog.AspNetCore.RequestLoggingMiddleware.Invoke(HttpContext httpContext)
   at BookStore.API.Middleware.GlobalExceptionMiddleware.InvokeAsync(HttpContext context) in R:\C#\PetProjects\CRUD\BookStore_v1\BookStore.API\Middleware\GlobalExceptionMiddleware.cs:line 22
  Exception data:
    Severity: ERROR
    SqlState: 42P01
    MessageText: relation "Users" does not exist
    Position: 359
    File: parse_relation.c
    Line: 1449
    Routine: parserOpenTable
2026-09-13 14:20:57.140 +03:00 [WRN] LuckyPennySoftware.AutoMapper.License: You do not have a valid license key for the Lucky Penny software AutoMapper. This is allowed for development and testing scenarios. If you are running in production you are required to have a licensed version. Please visit https://luckypennysoftware.com to obtain a valid license.
2026-09-13 14:22:05.572 +03:00 [INF] Serilog.AspNetCore.RequestLoggingMiddleware: HTTP GET /swagger/index.html responded 304 in 2020.5310 ms
2026-09-13 14:22:20.991 +03:00 [INF] Serilog.AspNetCore.RequestLoggingMiddleware: HTTP GET /swagger/index.js responded 304 in 26.0395 ms
2026-09-13 14:22:23.060 +03:00 [INF] Serilog.AspNetCore.RequestLoggingMiddleware: HTTP GET /swagger/swagger-ui-standalone-preset.js responded 304 in 2094.7320 ms
2026-09-13 14:22:23.061 +03:00 [INF] Serilog.AspNetCore.RequestLoggingMiddleware: HTTP GET /swagger/swagger-ui.css responded 304 in 2095.5278 ms
2026-09-13 14:22:23.062 +03:00 [INF] Serilog.AspNetCore.RequestLoggingMiddleware: HTTP GET /swagger/index.css responded 304 in 2096.6025 ms
2026-09-13 14:22:23.355 +03:00 [INF] Serilog.AspNetCore.RequestLoggingMiddleware: HTTP GET /swagger/swagger-ui-bundle.js responded 304 in 2389.9913 ms
2026-09-13 14:22:34.697 +03:00 [INF] Serilog.AspNetCore.RequestLoggingMiddleware: HTTP GET /swagger/v1/swagger.json responded 200 in 480.0853 ms
2026-09-13 14:24:39.096 +03:00 [ERR] Microsoft.EntityFrameworkCore.Database.Command: Failed executing DbCommand (146ms) [Parameters=[], CommandType='"Text"', CommandTimeout='30']
SELECT u."Id", u."AccessFailedCount", u."ConcurrencyStamp", u."Email", u."EmailConfirmed", u."LockoutEnabled", u."LockoutEnd", u."NormalizedEmail", u."NormalizedUserName", u."PasswordHash", u."PhoneNumber", u."PhoneNumberConfirmed", u."ProfilePhotoURL", u."SecurityStamp", u."TwoFactorEnabled", u."UserName", s."Id", s."Name", s."RolesId", s."UsersId"
FROM "Users" AS u
LEFT JOIN (
    SELECT r0."Id", r0."Name", r."RolesId", r."UsersId"
    FROM "RoleModelUserModel" AS r
    INNER JOIN "Roles" AS r0 ON r."RolesId" = r0."Id"
) AS s ON u."Id" = s."UsersId"
ORDER BY u."Id", s."RolesId", s."UsersId"
2026-09-13 14:24:39.333 +03:00 [ERR] Microsoft.EntityFrameworkCore.Query: An exception occurred while iterating over the results of a query for context type 'BookStore.Infrastructure.BookStoreDbContext'.
Npgsql.PostgresException (0x80004005): 42P01: relation "Users" does not exist

POSITION: 359
   at Npgsql.Internal.NpgsqlConnector.ReadMessageLong(Boolean async, DataRowLoadingMode dataRowLoadingMode, Boolean readingNotifications, Boolean isReadingPrependedMessage)
   at System.Runtime.CompilerServices.PoolingAsyncValueTaskMethodBuilder`1.StateMachineBox`1.System.Threading.Tasks.Sources.IValueTaskSource<TResult>.GetResult(Int16 token)
   at Npgsql.NpgsqlDataReader.NextResult(Boolean async, Boolean isConsuming, CancellationToken cancellationToken)
   at Npgsql.NpgsqlDataReader.NextResult(Boolean async, Boolean isConsuming, CancellationToken cancellationToken)
   at Npgsql.NpgsqlCommand.ExecuteReader(Boolean async, CommandBehavior behavior, CancellationToken cancellationToken)
   at Npgsql.NpgsqlCommand.ExecuteReader(Boolean async, CommandBehavior behavior, CancellationToken cancellationToken)
   at Npgsql.NpgsqlCommand.ExecuteDbDataReaderAsync(CommandBehavior behavior, CancellationToken cancellationToken)
   at Microsoft.EntityFrameworkCore.Storage.RelationalCommand.ExecuteReaderAsync(RelationalCommandParameterObject parameterObject, CancellationToken cancellationToken)
   at Microsoft.EntityFrameworkCore.Storage.RelationalCommand.ExecuteReaderAsync(RelationalCommandParameterObject parameterObject, CancellationToken cancellationToken)
   at Microsoft.EntityFrameworkCore.Query.Internal.SingleQueryingEnumerable`1.AsyncEnumerator.InitializeReaderAsync(AsyncEnumerator enumerator, CancellationToken cancellationToken)
   at Npgsql.EntityFrameworkCore.PostgreSQL.Storage.Internal.NpgsqlExecutionStrategy.ExecuteAsync[TState,TResult](TState state, Func`4 operation, Func`4 verifySucceeded, CancellationToken cancellationToken)
   at Microsoft.EntityFrameworkCore.Query.Internal.SingleQueryingEnumerable`1.AsyncEnumerator.MoveNextAsync()
  Exception data:
    Severity: ERROR
    SqlState: 42P01
    MessageText: relation "Users" does not exist
    Position: 359
    File: parse_relation.c
    Line: 1449
    Routine: parserOpenTable
Npgsql.PostgresException (0x80004005): 42P01: relation "Users" does not exist

POSITION: 359
   at Npgsql.Internal.NpgsqlConnector.ReadMessageLong(Boolean async, DataRowLoadingMode dataRowLoadingMode, Boolean readingNotifications, Boolean isReadingPrependedMessage)
   at System.Runtime.CompilerServices.PoolingAsyncValueTaskMethodBuilder`1.StateMachineBox`1.System.Threading.Tasks.Sources.IValueTaskSource<TResult>.GetResult(Int16 token)
   at Npgsql.NpgsqlDataReader.NextResult(Boolean async, Boolean isConsuming, CancellationToken cancellationToken)
   at Npgsql.NpgsqlDataReader.NextResult(Boolean async, Boolean isConsuming, CancellationToken cancellationToken)
   at Npgsql.NpgsqlCommand.ExecuteReader(Boolean async, CommandBehavior behavior, CancellationToken cancellationToken)
   at Npgsql.NpgsqlCommand.ExecuteReader(Boolean async, CommandBehavior behavior, CancellationToken cancellationToken)
   at Npgsql.NpgsqlCommand.ExecuteDbDataReaderAsync(CommandBehavior behavior, CancellationToken cancellationToken)
   at Microsoft.EntityFrameworkCore.Storage.RelationalCommand.ExecuteReaderAsync(RelationalCommandParameterObject parameterObject, CancellationToken cancellationToken)
   at Microsoft.EntityFrameworkCore.Storage.RelationalCommand.ExecuteReaderAsync(RelationalCommandParameterObject parameterObject, CancellationToken cancellationToken)
   at Microsoft.EntityFrameworkCore.Query.Internal.SingleQueryingEnumerable`1.AsyncEnumerator.InitializeReaderAsync(AsyncEnumerator enumerator, CancellationToken cancellationToken)
   at Npgsql.EntityFrameworkCore.PostgreSQL.Storage.Internal.NpgsqlExecutionStrategy.ExecuteAsync[TState,TResult](TState state, Func`4 operation, Func`4 verifySucceeded, CancellationToken cancellationToken)
   at Microsoft.EntityFrameworkCore.Query.Internal.SingleQueryingEnumerable`1.AsyncEnumerator.MoveNextAsync()
  Exception data:
    Severity: ERROR
    SqlState: 42P01
    MessageText: relation "Users" does not exist
    Position: 359
    File: parse_relation.c
    Line: 1449
    Routine: parserOpenTable
2026-09-13 15:21:38.362 +03:00 [WRN] LuckyPennySoftware.AutoMapper.License: You do not have a valid license key for the Lucky Penny software AutoMapper. This is allowed for development and testing scenarios. If you are running in production you are required to have a licensed version. Please visit https://luckypennysoftware.com to obtain a valid license.
2026-09-13 15:22:05.477 +03:00 [INF] Serilog.AspNetCore.RequestLoggingMiddleware: HTTP GET /swagger/index.html responded 304 in 356.6211 ms
2026-09-13 15:22:07.054 +03:00 [INF] Serilog.AspNetCore.RequestLoggingMiddleware: HTTP GET /swagger/swagger-ui.css responded 304 in 1154.1242 ms
2026-09-13 15:22:07.054 +03:00 [INF] Serilog.AspNetCore.RequestLoggingMiddleware: HTTP GET /swagger/index.css responded 304 in 1144.6379 ms
2026-09-13 15:22:07.218 +03:00 [INF] Serilog.AspNetCore.RequestLoggingMiddleware: HTTP GET /swagger/swagger-ui-standalone-preset.js responded 304 in 201.3322 ms
2026-09-13 15:22:07.236 +03:00 [INF] Serilog.AspNetCore.RequestLoggingMiddleware: HTTP GET /swagger/swagger-ui-bundle.js responded 304 in 1336.0646 ms
2026-09-13 15:22:07.244 +03:00 [INF] Serilog.AspNetCore.RequestLoggingMiddleware: HTTP GET /swagger/index.js responded 304 in 0.7517 ms
2026-09-13 15:22:09.741 +03:00 [INF] Serilog.AspNetCore.RequestLoggingMiddleware: HTTP GET /swagger/v1/swagger.json responded 200 in 514.9408 ms
2026-09-13 15:22:43.416 +03:00 [INF] Serilog.AspNetCore.RequestLoggingMiddleware: HTTP GET /Users/all responded 200 in 17566.7386 ms
2026-09-13 15:23:06.695 +03:00 [INF] Serilog.AspNetCore.RequestLoggingMiddleware: HTTP GET /Users/get_by_id/174c3e29-7560-4373-b7a3-0f05c91277fa responded 200 in 276.3393 ms
2026-09-13 16:50:44.367 +03:00 [WRN] LuckyPennySoftware.AutoMapper.License: You do not have a valid license key for the Lucky Penny software AutoMapper. This is allowed for development and testing scenarios. If you are running in production you are required to have a licensed version. Please visit https://luckypennysoftware.com to obtain a valid license.
2026-09-13 16:55:17.223 +03:00 [WRN] LuckyPennySoftware.AutoMapper.License: You do not have a valid license key for the Lucky Penny software AutoMapper. This is allowed for development and testing scenarios. If you are running in production you are required to have a licensed version. Please visit https://luckypennysoftware.com to obtain a valid license.
2026-09-13 16:57:26.583 +03:00 [WRN] LuckyPennySoftware.AutoMapper.License: You do not have a valid license key for the Lucky Penny software AutoMapper. This is allowed for development and testing scenarios. If you are running in production you are required to have a licensed version. Please visit https://luckypennysoftware.com to obtain a valid license.
2026-09-13 17:03:49.553 +03:00 [WRN] LuckyPennySoftware.AutoMapper.License: You do not have a valid license key for the Lucky Penny software AutoMapper. This is allowed for development and testing scenarios. If you are running in production you are required to have a licensed version. Please visit https://luckypennysoftware.com to obtain a valid license.
2026-09-13 17:04:07.526 +03:00 [INF] Serilog.AspNetCore.RequestLoggingMiddleware: HTTP GET /swagger/index.html responded 304 in 408.3819 ms
2026-09-13 17:04:10.452 +03:00 [INF] Serilog.AspNetCore.RequestLoggingMiddleware: HTTP GET /swagger/index.js responded 304 in 30.1431 ms
2026-09-13 17:04:10.632 +03:00 [INF] Serilog.AspNetCore.RequestLoggingMiddleware: HTTP GET /swagger/swagger-ui-standalone-preset.js responded 304 in 208.2703 ms
2026-09-13 17:04:10.632 +03:00 [INF] Serilog.AspNetCore.RequestLoggingMiddleware: HTTP GET /swagger/index.css responded 304 in 420.2310 ms
2026-09-13 17:04:10.632 +03:00 [INF] Serilog.AspNetCore.RequestLoggingMiddleware: HTTP GET /swagger/swagger-ui.css responded 304 in 208.3682 ms
2026-09-13 17:04:10.655 +03:00 [INF] Serilog.AspNetCore.RequestLoggingMiddleware: HTTP GET /swagger/swagger-ui-bundle.js responded 304 in 443.4295 ms
2026-09-13 17:04:11.705 +03:00 [INF] Serilog.AspNetCore.RequestLoggingMiddleware: HTTP GET /swagger/v1/swagger.json responded 200 in 343.5582 ms
2026-09-13 21:07:05.152 +03:00 [WRN] LuckyPennySoftware.AutoMapper.License: You do not have a valid license key for the Lucky Penny software AutoMapper. This is allowed for development and testing scenarios. If you are running in production you are required to have a licensed version. Please visit https://luckypennysoftware.com to obtain a valid license.
2026-09-13 21:07:12.329 +03:00 [INF] Serilog.AspNetCore.RequestLoggingMiddleware: HTTP GET /swagger responded 301 in 44.8687 ms
2026-09-13 21:07:12.869 +03:00 [INF] Serilog.AspNetCore.RequestLoggingMiddleware: HTTP GET /swagger/index.html responded 200 in 337.2407 ms
2026-09-13 21:07:14.132 +03:00 [INF] Serilog.AspNetCore.RequestLoggingMiddleware: HTTP GET /swagger/index.js responded 200 in 1.5748 ms
2026-09-13 21:07:14.637 +03:00 [INF] Serilog.AspNetCore.RequestLoggingMiddleware: HTTP GET /swagger/index.css responded 200 in 506.0930 ms
2026-09-13 21:07:14.645 +03:00 [INF] Serilog.AspNetCore.RequestLoggingMiddleware: HTTP GET /swagger/swagger-ui.css responded 200 in 513.9342 ms
2026-09-13 21:07:14.645 +03:00 [INF] Serilog.AspNetCore.RequestLoggingMiddleware: HTTP GET /swagger/swagger-ui-standalone-preset.js responded 200 in 513.9407 ms
2026-09-13 21:07:14.653 +03:00 [INF] Serilog.AspNetCore.RequestLoggingMiddleware: HTTP GET /swagger/swagger-ui-bundle.js responded 200 in 522.2448 ms
2026-09-13 21:07:16.524 +03:00 [INF] Serilog.AspNetCore.RequestLoggingMiddleware: HTTP GET /swagger/v1/swagger.json responded 200 in 587.4770 ms
2026-09-13 21:07:43.813 +03:00 [INF] Serilog.AspNetCore.RequestLoggingMiddleware: HTTP GET /Users/search/user@test.com responded 401 in 446.1523 ms
2026-09-13 21:09:22.081 +03:00 [WRN] LuckyPennySoftware.AutoMapper.License: You do not have a valid license key for the Lucky Penny software AutoMapper. This is allowed for development and testing scenarios. If you are running in production you are required to have a licensed version. Please visit https://luckypennysoftware.com to obtain a valid license.
2026-09-13 21:09:38.886 +03:00 [INF] Serilog.AspNetCore.RequestLoggingMiddleware: HTTP GET /swagger/index.html responded 304 in 125.2102 ms
2026-09-13 21:09:39.123 +03:00 [INF] Serilog.AspNetCore.RequestLoggingMiddleware: HTTP GET /swagger/index.js responded 304 in 2.2154 ms
2026-09-13 21:09:39.632 +03:00 [INF] Serilog.AspNetCore.RequestLoggingMiddleware: HTTP GET /swagger/swagger-ui.css responded 304 in 510.8837 ms
2026-09-13 21:09:39.632 +03:00 [INF] Serilog.AspNetCore.RequestLoggingMiddleware: HTTP GET /swagger/index.css responded 304 in 510.8853 ms
2026-09-13 21:09:39.632 +03:00 [INF] Serilog.AspNetCore.RequestLoggingMiddleware: HTTP GET /swagger/swagger-ui-standalone-preset.js responded 304 in 510.8739 ms
2026-09-13 21:09:39.632 +03:00 [INF] Serilog.AspNetCore.RequestLoggingMiddleware: HTTP GET /swagger/swagger-ui-bundle.js responded 304 in 511.3065 ms
2026-09-13 21:09:41.212 +03:00 [INF] Serilog.AspNetCore.RequestLoggingMiddleware: HTTP GET /swagger/v1/swagger.json responded 200 in 92.4205 ms
2026-09-13 21:09:54.286 +03:00 [INF] Serilog.AspNetCore.RequestLoggingMiddleware: HTTP GET /Users/search/user@test.com responded 401 in 1472.8300 ms
2026-09-13 21:11:41.831 +03:00 [INF] Serilog.AspNetCore.RequestLoggingMiddleware: HTTP GET /Users/search/user@test.com responded 401 in 41.5029 ms
2026-09-13 21:11:46.703 +03:00 [INF] Serilog.AspNetCore.RequestLoggingMiddleware: HTTP GET /Users/search/user@test.com responded 401 in 555.9775 ms
2026-09-13 21:12:15.892 +03:00 [WRN] LuckyPennySoftware.AutoMapper.License: You do not have a valid license key for the Lucky Penny software AutoMapper. This is allowed for development and testing scenarios. If you are running in production you are required to have a licensed version. Please visit https://luckypennysoftware.com to obtain a valid license.
2026-09-13 21:12:26.043 +03:00 [INF] Serilog.AspNetCore.RequestLoggingMiddleware: HTTP GET /swagger/index.html responded 304 in 227.3423 ms
2026-09-13 21:12:26.646 +03:00 [INF] Serilog.AspNetCore.RequestLoggingMiddleware: HTTP GET /swagger/index.js responded 304 in 5.8372 ms
2026-09-13 21:12:27.010 +03:00 [INF] Serilog.AspNetCore.RequestLoggingMiddleware: HTTP GET /swagger/swagger-ui.css responded 304 in 370.1755 ms
2026-09-13 21:12:27.010 +03:00 [INF] Serilog.AspNetCore.RequestLoggingMiddleware: HTTP GET /swagger/swagger-ui-standalone-preset.js responded 304 in 370.1712 ms
2026-09-13 21:12:27.010 +03:00 [INF] Serilog.AspNetCore.RequestLoggingMiddleware: HTTP GET /swagger/index.css responded 304 in 370.2193 ms
2026-09-13 21:12:27.011 +03:00 [INF] Serilog.AspNetCore.RequestLoggingMiddleware: HTTP GET /swagger/swagger-ui-bundle.js responded 304 in 371.1623 ms
2026-09-13 21:12:29.463 +03:00 [INF] Serilog.AspNetCore.RequestLoggingMiddleware: HTTP GET /swagger/v1/swagger.json responded 200 in 513.3894 ms
2026-09-13 21:12:48.737 +03:00 [INF] Serilog.AspNetCore.RequestLoggingMiddleware: HTTP GET /Users/search/user@test.com responded 401 in 544.2111 ms
2026-09-13 21:13:50.334 +03:00 [WRN] LuckyPennySoftware.AutoMapper.License: You do not have a valid license key for the Lucky Penny software AutoMapper. This is allowed for development and testing scenarios. If you are running in production you are required to have a licensed version. Please visit https://luckypennysoftware.com to obtain a valid license.
2026-09-13 21:13:52.279 +03:00 [INF] Serilog.AspNetCore.RequestLoggingMiddleware: HTTP GET /swagger/index.html responded 304 in 81.0438 ms
2026-09-13 21:13:52.504 +03:00 [INF] Serilog.AspNetCore.RequestLoggingMiddleware: HTTP GET /swagger/index.js responded 304 in 36.8095 ms
2026-09-13 21:13:52.546 +03:00 [INF] Serilog.AspNetCore.RequestLoggingMiddleware: HTTP GET /swagger/index.css responded 304 in 79.3512 ms
2026-09-13 21:13:52.546 +03:00 [INF] Serilog.AspNetCore.RequestLoggingMiddleware: HTTP GET /swagger/swagger-ui-standalone-preset.js responded 304 in 79.3495 ms
2026-09-13 21:13:52.546 +03:00 [INF] Serilog.AspNetCore.RequestLoggingMiddleware: HTTP GET /swagger/swagger-ui-bundle.js responded 304 in 79.4993 ms
2026-09-13 21:13:52.546 +03:00 [INF] Serilog.AspNetCore.RequestLoggingMiddleware: HTTP GET /swagger/swagger-ui.css responded 304 in 79.3513 ms
2026-09-13 21:13:52.779 +03:00 [INF] Serilog.AspNetCore.RequestLoggingMiddleware: HTTP GET /swagger/v1/swagger.json responded 200 in 77.4625 ms
2026-09-13 21:16:09.646 +03:00 [INF] Serilog.AspNetCore.RequestLoggingMiddleware: HTTP GET /Users/search/user@test.com responded 204 in 129883.2788 ms
2026-09-13 21:16:09.718 +03:00 [ERR] Microsoft.AspNetCore.Server.Kestrel: Connection id "0HNOHOB1O5SF8", Request id "0HNOHOB1O5SF8:00000013": An unhandled exception was thrown by the application.
System.InvalidOperationException: Can't close, connection is in state Connecting
   at Npgsql.NpgsqlConnection.Close(Boolean async)
   at Npgsql.NpgsqlConnection.CloseAsync()
   at Microsoft.EntityFrameworkCore.Storage.RelationalConnection.CloseDbConnectionAsync()
   at Microsoft.EntityFrameworkCore.Storage.RelationalConnection.ResetStateAsync(Boolean disposeDbConnection)
   at Microsoft.Extensions.DependencyInjection.ServiceLookup.ServiceProviderEngineScope.<DisposeAsync>g__Await|26_0(Int32 i, ValueTask vt, List`1 toDispose)
   at Microsoft.EntityFrameworkCore.DbContext.DisposeAsync()
   at Microsoft.Extensions.DependencyInjection.ServiceLookup.ServiceProviderEngineScope.<DisposeAsync>g__Await|26_0(Int32 i, ValueTask vt, List`1 toDispose)
   at Microsoft.AspNetCore.Http.Features.RequestServicesFeature.<DisposeAsync>g__Awaited|9_0(RequestServicesFeature servicesFeature, ValueTask vt)
   at Microsoft.AspNetCore.Server.Kestrel.Core.Internal.Http.HttpProtocol.<FireOnCompleted>g__ProcessEvents|241_0(HttpProtocol protocol, Stack`1 events)
2026-09-13 21:16:12.400 +03:00 [ERR] Microsoft.EntityFrameworkCore.Query: An exception occurred while iterating over the results of a query for context type 'BookStore.Infrastructure.BookStoreDbContext'.
System.ObjectDisposedException: Cannot access a disposed context instance. A common cause of this error is disposing a context instance that was resolved from dependency injection and then later trying to use the same context instance elsewhere in your application. This may occur if you are calling 'Dispose' on the context instance, or wrapping it in a using statement. If you are using dependency injection, you should let the dependency injection container take care of disposing context instances.
Object name: 'BookStoreDbContext'.
   at Microsoft.EntityFrameworkCore.DbContext.CheckDisposed()
   at Microsoft.EntityFrameworkCore.DbContext.get_DbContextDependencies()
   at Microsoft.EntityFrameworkCore.DbContext.Microsoft.EntityFrameworkCore.Internal.IDbContextDependencies.get_StateManager()
   at Microsoft.EntityFrameworkCore.Query.QueryContextDependencies.get_StateManager()
   at Microsoft.EntityFrameworkCore.Query.QueryContext.InitializeStateManager(Boolean standAlone)
   at Microsoft.EntityFrameworkCore.Query.Internal.SingleQueryingEnumerable`1.AsyncEnumerator.InitializeReaderAsync(AsyncEnumerator enumerator, CancellationToken cancellationToken)
   at Npgsql.EntityFrameworkCore.PostgreSQL.Storage.Internal.NpgsqlExecutionStrategy.ExecuteAsync[TState,TResult](TState state, Func`4 operation, Func`4 verifySucceeded, CancellationToken cancellationToken)
   at Microsoft.EntityFrameworkCore.Query.Internal.SingleQueryingEnumerable`1.AsyncEnumerator.MoveNextAsync()
System.ObjectDisposedException: Cannot access a disposed context instance. A common cause of this error is disposing a context instance that was resolved from dependency injection and then later trying to use the same context instance elsewhere in your application. This may occur if you are calling 'Dispose' on the context instance, or wrapping it in a using statement. If you are using dependency injection, you should let the dependency injection container take care of disposing context instances.
Object name: 'BookStoreDbContext'.
   at Microsoft.EntityFrameworkCore.DbContext.CheckDisposed()
   at Microsoft.EntityFrameworkCore.DbContext.get_DbContextDependencies()
   at Microsoft.EntityFrameworkCore.DbContext.Microsoft.EntityFrameworkCore.Internal.IDbContextDependencies.get_StateManager()
   at Microsoft.EntityFrameworkCore.Query.QueryContextDependencies.get_StateManager()
   at Microsoft.EntityFrameworkCore.Query.QueryContext.InitializeStateManager(Boolean standAlone)
   at Microsoft.EntityFrameworkCore.Query.Internal.SingleQueryingEnumerable`1.AsyncEnumerator.InitializeReaderAsync(AsyncEnumerator enumerator, CancellationToken cancellationToken)
   at Npgsql.EntityFrameworkCore.PostgreSQL.Storage.Internal.NpgsqlExecutionStrategy.ExecuteAsync[TState,TResult](TState state, Func`4 operation, Func`4 verifySucceeded, CancellationToken cancellationToken)
   at Microsoft.EntityFrameworkCore.Query.Internal.SingleQueryingEnumerable`1.AsyncEnumerator.MoveNextAsync()
2026-09-13 21:17:21.091 +03:00 [INF] Serilog.AspNetCore.RequestLoggingMiddleware: HTTP GET /Users/search/user@test.com responded 204 in 40994.2307 ms
2026-09-13 21:20:03.051 +03:00 [INF] Serilog.AspNetCore.RequestLoggingMiddleware: HTTP GET /Users/search/alex@mail.com responded 200 in 11565.7777 ms
